// Jest Snapshot v1, https://goo.gl/fbAQLP

exports[`matches snapshot 1`] = `
<DocumentFragment>
  <form>
    <label
      for="width"
    >
      Width:
    </label>
    <input
      id="width"
      name="width"
      value=""
    />
    <label
      for="height"
    >
      Height:
    </label>
    <input
      id="height"
      name="height"
      value=""
    />
    <label
      for="color"
    >
      Color:
    </label>
    <input
      id="color"
      name="color"
      type="color"
      value="#000"
    />
    <button>
      Insert Box!
    </button>
  </form>
  <div
    class="BoxList"
  />
</DocumentFragment>
`;
